// Jest Snapshot v1, https://goo.gl/fbAQLP

exports[`Storyshots Index Home 1`] = `
<div>
  <a
    href="/games"
    onClick={[Function]}
  >
    games page
  </a>
  <h3
    className="sc-bdVaJa sc-htpNat sc-bxivhb euIxZE"
    color="error"
    fontFamily="raj"
    fontSize={4}
    fontWeight="bold"
  >
    Welcome to Next.js!
  </h3>
</div>
`;
